// Jest Snapshot v1, https://goo.gl/fbAQLP

exports[`App renders 1`] = `
<div
  style={
    Object {
      "textAlign": "center",
    }
  }
>
  <h1>
    Hello World
  </h1>
  <ul>
    <li>
      <div
        className="Text"
      >
        COMPLICATED
      </div>
    </li>
    <li>
      <div
        className="Text"
      >
        JSON
      </div>
    </li>
    <li>
      <div
        className="Text"
      >
        RESPONSE
      </div>
    </li>
  </ul>
</div>
`;
